Archive member included to satisfy reference by file (symbol)

c:/program files (x86)/atmel/studio/7.0/toolchain/avr8/avr8-gnu-toolchain/bin/../lib/gcc/avr/5.4.0/../../../../avr/lib/avr51\libm.a(acos.o)
                              src/Motion/Driver.o (acos)
c:/program files (x86)/atmel/studio/7.0/toolchain/avr8/avr8-gnu-toolchain/bin/../lib/gcc/avr/5.4.0/../../../../avr/lib/avr51\libm.a(addsf3.o)
                              src/Motion/Driver.o (__subsf3)
c:/program files (x86)/atmel/studio/7.0/toolchain/avr8/avr8-gnu-toolchain/bin/../lib/gcc/avr/5.4.0/../../../../avr/lib/avr51\libm.a(addsf3x.o)
                              c:/program files (x86)/atmel/studio/7.0/toolchain/avr8/avr8-gnu-toolchain/bin/../lib/gcc/avr/5.4.0/../../../../avr/lib/avr51\libm.a(acos.o) (__addsf3x)
c:/program files (x86)/atmel/studio/7.0/toolchain/avr8/avr8-gnu-toolchain/bin/../lib/gcc/avr/5.4.0/../../../../avr/lib/avr51\libm.a(cmpsf2.o)
                              src/Motion/Driver.o (__ltsf2)
c:/program files (x86)/atmel/studio/7.0/toolchain/avr8/avr8-gnu-toolchain/bin/../lib/gcc/avr/5.4.0/../../../../avr/lib/avr51\libm.a(cos.o)
                              src/Motion/Driver.o (cos)
c:/program files (x86)/atmel/studio/7.0/toolchain/avr8/avr8-gnu-toolchain/bin/../lib/gcc/avr/5.4.0/../../../../avr/lib/avr51\libm.a(divsf3.o)
                              src/Motion/Driver.o (__divsf3)
c:/program files (x86)/atmel/studio/7.0/toolchain/avr8/avr8-gnu-toolchain/bin/../lib/gcc/avr/5.4.0/../../../../avr/lib/avr51\libm.a(divsf3x.o)
                              c:/program files (x86)/atmel/studio/7.0/toolchain/avr8/avr8-gnu-toolchain/bin/../lib/gcc/avr/5.4.0/../../../../avr/lib/avr51\libm.a(divsf3.o) (__divsf3x)
c:/program files (x86)/atmel/studio/7.0/toolchain/avr8/avr8-gnu-toolchain/bin/../lib/gcc/avr/5.4.0/../../../../avr/lib/avr51\libm.a(fixsfsi.o)
                              src/Motion/Driver.o (__fixsfsi)
c:/program files (x86)/atmel/studio/7.0/toolchain/avr8/avr8-gnu-toolchain/bin/../lib/gcc/avr/5.4.0/../../../../avr/lib/avr51\libm.a(fixunssfsi.o)
                              c:/program files (x86)/atmel/studio/7.0/toolchain/avr8/avr8-gnu-toolchain/bin/../lib/gcc/avr/5.4.0/../../../../avr/lib/avr51\libm.a(fixsfsi.o) (__fixunssfsi)
c:/program files (x86)/atmel/studio/7.0/toolchain/avr8/avr8-gnu-toolchain/bin/../lib/gcc/avr/5.4.0/../../../../avr/lib/avr51\libm.a(floatsisf.o)
                              src/Sensors/infrared.o (__floatunsisf)
c:/program files (x86)/atmel/studio/7.0/toolchain/avr8/avr8-gnu-toolchain/bin/../lib/gcc/avr/5.4.0/../../../../avr/lib/avr51\libm.a(fma.o)
                              lib/pathFollower/pathFollower.o (fma)
c:/program files (x86)/atmel/studio/7.0/toolchain/avr8/avr8-gnu-toolchain/bin/../lib/gcc/avr/5.4.0/../../../../avr/lib/avr51\libm.a(fp_arccos.o)
                              c:/program files (x86)/atmel/studio/7.0/toolchain/avr8/avr8-gnu-toolchain/bin/../lib/gcc/avr/5.4.0/../../../../avr/lib/avr51\libm.a(acos.o) (__fp_arccos)
c:/program files (x86)/atmel/studio/7.0/toolchain/avr8/avr8-gnu-toolchain/bin/../lib/gcc/avr/5.4.0/../../../../avr/lib/avr51\libm.a(fp_cmp.o)
                              c:/program files (x86)/atmel/studio/7.0/toolchain/avr8/avr8-gnu-toolchain/bin/../lib/gcc/avr/5.4.0/../../../../avr/lib/avr51\libm.a(cmpsf2.o) (__fp_cmp)
c:/program files (x86)/atmel/studio/7.0/toolchain/avr8/avr8-gnu-toolchain/bin/../lib/gcc/avr/5.4.0/../../../../avr/lib/avr51\libm.a(fp_inf.o)
                              c:/program files (x86)/atmel/studio/7.0/toolchain/avr8/avr8-gnu-toolchain/bin/../lib/gcc/avr/5.4.0/../../../../avr/lib/avr51\libm.a(addsf3x.o) (__fp_inf)
c:/program files (x86)/atmel/studio/7.0/toolchain/avr8/avr8-gnu-toolchain/bin/../lib/gcc/avr/5.4.0/../../../../avr/lib/avr51\libm.a(fp_nan.o)
                              c:/program files (x86)/atmel/studio/7.0/toolchain/avr8/avr8-gnu-toolchain/bin/../lib/gcc/avr/5.4.0/../../../../avr/lib/avr51\libm.a(addsf3x.o) (__fp_nan)
c:/program files (x86)/atmel/studio/7.0/toolchain/avr8/avr8-gnu-toolchain/bin/../lib/gcc/avr/5.4.0/../../../../avr/lib/avr51\libm.a(fp_powser.o)
                              c:/program files (x86)/atmel/studio/7.0/toolchain/avr8/avr8-gnu-toolchain/bin/../lib/gcc/avr/5.4.0/../../../../avr/lib/avr51\libm.a(fp_arccos.o) (__fp_powser)
c:/program files (x86)/atmel/studio/7.0/toolchain/avr8/avr8-gnu-toolchain/bin/../lib/gcc/avr/5.4.0/../../../../avr/lib/avr51\libm.a(fp_pscA.o)
                              c:/program files (x86)/atmel/studio/7.0/toolchain/avr8/avr8-gnu-toolchain/bin/../lib/gcc/avr/5.4.0/../../../../avr/lib/avr51\libm.a(addsf3x.o) (__fp_pscA)
c:/program files (x86)/atmel/studio/7.0/toolchain/avr8/avr8-gnu-toolchain/bin/../lib/gcc/avr/5.4.0/../../../../avr/lib/avr51\libm.a(fp_pscB.o)
                              c:/program files (x86)/atmel/studio/7.0/toolchain/avr8/avr8-gnu-toolchain/bin/../lib/gcc/avr/5.4.0/../../../../avr/lib/avr51\libm.a(addsf3x.o) (__fp_pscB)
[...]
Memory Configuration

Name             Origin             Length             Attributes
text             0x00000000         0x00020000         xr
data             0x00800200         0x00002000         rw !x
eeprom           0x00810000         0x00001000         rw !x
fuse             0x00820000         0x00000003         rw !x
lock             0x00830000         0x00000400         rw !x
signature        0x00840000         0x00000400         rw !x
user_signatures  0x00850000         0x00000400         rw !x
*default*        0x00000000         0xffffffff

Linker script and memory map

Address of section .data set to 0x800200
LOAD C:/Program Files (x86)/Atmel/Studio/7.0/Packs/atmel/ATmega_DFP/1.6.364/gcc/dev/atmega1280/avr51/crtatmega1280.o
LOAD src/Motion/Driver.o
LOAD src/Motion/Odometry.o
LOAD src/Sensors/bumper.o
LOAD src/Sensors/encoder.o
LOAD src/Sensors/infrared.o
LOAD src/Structures/Kernel.o
LOAD src/Structures/Maze.o
LOAD src/main.o
LOAD src/badISR.o
LOAD lib/tools/timeTask/timeTask.o
LOAD lib/tools/timeTask/timeTask_isr.o
LOAD lib/motor/motor.o
LOAD lib/io/uart/uart_isr.o
LOAD lib/io/uart/uart.o
LOAD lib/io/i2c/i2c.o
LOAD lib/io/adc/adc_isr.o
LOAD lib/io/adc/adc.o
LOAD lib/communication/communication.o
LOAD lib/tools/remoteDataProcessing/remoteDataProcessing.o
LOAD lib/pathFollower/pathFollower.o
LOAD lib/tools/labyrinth/labyrinth.o
START GROUP
LOAD c:/program files (x86)/atmel/studio/7.0/toolchain/avr8/avr8-gnu-toolchain/bin/../lib/gcc/avr/5.4.0/../../../../avr/lib/avr51\libm.a
END GROUP
LOAD c:/program files (x86)/atmel/studio/7.0/toolchain/avr8/avr8-gnu-toolchain/bin/../lib/gcc/avr/5.4.0/../../../../avr/lib/avr51\libprintf_flt.a
START GROUP
LOAD c:/program files (x86)/atmel/studio/7.0/toolchain/avr8/avr8-gnu-toolchain/bin/../lib/gcc/avr/5.4.0/avr51\libgcc.a
LOAD c:/program files (x86)/atmel/studio/7.0/toolchain/avr8/avr8-gnu-toolchain/bin/../lib/gcc/avr/5.4.0/../../../../avr/lib/avr51\libm.a
LOAD c:/program files (x86)/atmel/studio/7.0/toolchain/avr8/avr8-gnu-toolchain/bin/../lib/gcc/avr/5.4.0/../../../../avr/lib/avr51\libc.a
LOAD C:/Program Files (x86)/Atmel/Studio/7.0/Packs/atmel/ATmega_DFP/1.6.364/gcc/dev/atmega1280/avr51\libatmega1280.a
END GROUP
                0x00000000                __TEXT_REGION_ORIGIN__ = DEFINED (__TEXT_REGION_ORIGIN__)?__TEXT_REGION_ORIGIN__:0x0
                [0x00800200]                __DATA_REGION_ORIGIN__ = DEFINED (__DATA_REGION_ORIGIN__)?__DATA_REGION_ORIGIN__:0x800100
                [0x00020000]                __TEXT_REGION_LENGTH__ = DEFINED (__TEXT_REGION_LENGTH__)?__TEXT_REGION_LENGTH__:0x20000
                [0x00002000]                __DATA_REGION_LENGTH__ = DEFINED (__DATA_REGION_LENGTH__)?__DATA_REGION_LENGTH__:0xff00
                [0x00001000]                __EEPROM_REGION_LENGTH__ = DEFINED (__EEPROM_REGION_LENGTH__)?__EEPROM_REGION_LENGTH__:0x10000
                [0x00000003]                __FUSE_REGION_LENGTH__ = DEFINED (__FUSE_REGION_LENGTH__)?__FUSE_REGION_LENGTH__:0x400
                0x00000400                __LOCK_REGION_LENGTH__ = DEFINED (__LOCK_REGION_LENGTH__)?__LOCK_REGION_LENGTH__:0x400
                0x00000400                __SIGNATURE_REGION_LENGTH__ = DEFINED (__SIGNATURE_REGION_LENGTH__)?__SIGNATURE_REGION_LENGTH__:0x400
                0x00000400                __USER_SIGNATURE_REGION_LENGTH__ = DEFINED (__USER_SIGNATURE_REGION_LENGTH__)?__USER_SIGNATURE_REGION_LENGTH__:0x400

.hash
 *(.hash)

.dynsym
 *(.dynsym)

.dynstr
 *(.dynstr)

.gnu.version
 *(.gnu.version)

.gnu.version_d
 *(.gnu.version_d)

.gnu.version_r
 *(.gnu.version_r)

.rel.init
 *(.rel.init)

.rela.init
 *(.rela.init)

.rel.text
 *(.rel.text)
 *(.rel.text.*)
 *(.rel.gnu.linkonce.t*)

.rela.text
 *(.rela.text)
 *(.rela.text.*)
 *(.rela.gnu.linkonce.t*)

.rel.fini
 *(.rel.fini)

.rela.fini
 *(.rela.fini)

.rel.rodata
 *(.rel.rodata)
 *(.rel.rodata.*)
 *(.rel.gnu.linkonce.r*)

.rela.rodata
 *(.rela.rodata)
 *(.rela.rodata.*)
 *(.rela.gnu.linkonce.r*)

.rel.data
 *(.rel.data)
 *(.rel.data.*)
 *(.rel.gnu.linkonce.d*)

.rela.data
 *(.rela.data)
 *(.rela.data.*)
 *(.rela.gnu.linkonce.d*)

.rel.ctors
 *(.rel.ctors)

.rela.ctors
 *(.rela.ctors)

.rel.dtors
 *(.rel.dtors)

.rela.dtors
 *(.rela.dtors)

.rel.got
 *(.rel.got)

.rela.got
 *(.rela.got)

.rel.bss
 *(.rel.bss)

.rela.bss
 *(.rela.bss)

.rel.plt
 *(.rel.plt)

.rela.plt
 *(.rela.plt)

.text           0x00000000     0x59f0
 *(.vectors)
 .vectors       0x00000000       0xe4 C:/Program Files (x86)/Atmel/Studio/7.0/Packs/atmel/ATmega_DFP/1.6.364/gcc/dev/atmega1280/avr51/crtatmega1280.o
                0x00000000                __vectors
 *(.vectors)
 *(.progmem.gcc*)
 .progmem.gcc_sw_table.commUserCommand
                0x000000e4       0x12 src/main.o
 .progmem.gcc_sw_table.main
                0x000000f6        0xe src/main.o
 .progmem.gcc_fplib
                0x00000104       0x28 c:/program files (x86)/atmel/studio/7.0/toolchain/avr8/avr8-gnu-toolchain/bin/../lib/gcc/avr/5.4.0/../../../../avr/lib/avr51\libm.a(fp_arccos.o)
 .progmem.gcc_fplib
                0x0000012c       0x1e c:/program files (x86)/atmel/studio/7.0/toolchain/avr8/avr8-gnu-toolchain/bin/../lib/gcc/avr/5.4.0/../../../../avr/lib/avr51\libm.a(fp_sinus.o)
 .progmem.gcc_fplib
                0x0000014a       0x23 c:/program files (x86)/atmel/studio/7.0/toolchain/avr8/avr8-gnu-toolchain/bin/../lib/gcc/avr/5.4.0/../../../../avr/lib/avr51\libm.a(tan.o)
                0x0000016e                . = ALIGN (0x2)
 *fill*         0x0000016d        0x1 
                0x0000016e                __trampolines_start = .
 *(.trampolines)
 .trampolines   0x0000016e        0x0 linker stubs
 *(.trampolines*)
                0x0000016e                __trampolines_end = .
 *libprintf_flt.a:*(.progmem.data)
 .progmem.data  0x0000016e        0x8 c:/program files (x86)/atmel/studio/7.0/toolchain/avr8/avr8-gnu-toolchain/bin/../lib/gcc/avr/5.4.0/../../../../avr/lib/avr51\libprintf_flt.a(vfprintf_flt.o)
 *libc.a:*(.progmem.data)
 .progmem.data  0x00000176       0xfa c:/program files (x86)/atmel/studio/7.0/toolchain/avr8/avr8-gnu-toolchain/bin/../lib/gcc/avr/5.4.0/../../../../avr/lib/avr51\libc.a(ftoa_engine.o)
 *(.progmem*)
 .progmem.data.__c.2811
                0x00000270        0x7 src/main.o
 .progmem.data.__c.2515
                0x00000277       0x2d lib/pathFollower/pathFollower.o
 .progmem.data.__c.2499
                0x000002a4       0x14 lib/pathFollower/pathFollower.o
 .progmem.data.__c.2497
                0x000002b8       0x33 lib/pathFollower/pathFollower.o
 .progmem.data.__c.2461
                0x000002eb       0x2b lib/pathFollower/pathFollower.o
 .progmem.data.__c.2453
                0x00000316       0x18 lib/pathFollower/pathFollower.o
 .progmem.data.__c.2446
                0x0000032e        0xf lib/pathFollower/pathFollower.o
 .progmem.data.__c.2444
                0x0000033d       0x10 lib/pathFollower/pathFollower.o
 .progmem.data.__c.2442
                0x0000034d       0x11 lib/pathFollower/pathFollower.o
 .progmem.data.__c.2440
                0x0000035e       0x12 lib/pathFollower/pathFollower.o
 .progmem.data.__c.2438
                0x00000370       0x2b lib/pathFollower/pathFollower.o
 .progmem.data.__c.2436
                0x0000039b       0x33 lib/pathFollower/pathFollower.o
                0x000003ce                . = ALIGN (0x2)
 *(.jumptables)
 *(.jumptables*)
 *(.lowtext)
 *(.lowtext*)
                0x000003ce                __ctors_start = .
 *(.ctors)
                0x000003ce                __ctors_end = .
                0x000003ce                __dtors_start = .
 *(.dtors)
                0x000003ce                __dtors_end = .
 SORT(*)(.ctors)
 SORT(*)(.dtors)
 *(.init0)
 .init0         0x000003ce        0x0 C:/Program Files (x86)/Atmel/Studio/7.0/Packs/atmel/ATmega_DFP/1.6.364/gcc/dev/atmega1280/avr51/crtatmega1280.o
                0x000003ce                __init
 *(.init0)
 *(.init1)
 *(.init1)
 *(.init2)
 .init2         0x000003ce        0xc C:/Program Files (x86)/Atmel/Studio/7.0/Packs/atmel/ATmega_DFP/1.6.364/gcc/dev/atmega1280/avr51/crtatmega1280.o
 *(.init2)
 *(.init3)
 *(.init3)
 *(.init4)
 .init4         0x000003da       0x1a c:/program files (x86)/atmel/studio/7.0/toolchain/avr8/avr8-gnu-toolchain/bin/../lib/gcc/avr/5.4.0/avr51\libgcc.a(_copy_data.o)
                0x000003da                __do_copy_data
 .init4         0x000003f4       0x10 c:/program files (x86)/atmel/studio/7.0/toolchain/avr8/avr8-gnu-toolchain/bin/../lib/gcc/avr/5.4.0/avr51\libgcc.a(_clear_bss.o)
                0x000003f4                __do_clear_bss
 *(.init4)
 *(.init5)
 *(.init5)
 *(.init6)
 *(.init6)
 *(.init7)
 *(.init7)
 *(.init8)
 *(.init8)
 *(.init9)
 .init9         0x00000404        0x8 C:/Program Files (x86)/Atmel/Studio/7.0/Packs/atmel/ATmega_DFP/1.6.364/gcc/dev/atmega1280/avr51/crtatmega1280.o
 *(.init9)
 *(.text)
 .text          0x0000040c        0x4 C:/Program Files (x86)/Atmel/Studio/7.0/Packs/atmel/ATmega_DFP/1.6.364/gcc/dev/atmega1280/avr51/crtatmega1280.o
                0x0000040c                __vector_38
                0x0000040c                __vector_22
                0x0000040c                __vector_28
                0x0000040c                __vector_1
                0x0000040c                __vector_32
                0x0000040c                __vector_34
                0x0000040c                __vector_24
                0x0000040c                __vector_12
                0x0000040c                __vector_55
                0x0000040c                __vector_46
                0x0000040c                __bad_interrupt
                0x0000040c                __vector_6
                0x0000040c                __vector_31
                0x0000040c                __vector_35
                0x0000040c                __vector_39
                0x0000040c                __vector_3
                0x0000040c                __vector_23
                0x0000040c                __vector_30
                0x0000040c                __vector_45
                0x0000040c                __vector_25
                0x0000040c                __vector_54
                0x0000040c                __vector_13
                0x0000040c                __vector_17
                0x0000040c                __vector_19
                0x0000040c                __vector_56
                0x0000040c                __vector_7
                0x0000040c                __vector_49
                0x0000040c                __vector_41
                0x0000040c                __vector_43
                0x0000040c                __vector_27
                0x0000040c                __vector_5
                0x0000040c                __vector_33
                0x0000040c                __vector_52
                0x0000040c                __vector_4
                0x0000040c                __vector_44
                0x0000040c                __vector_51
                0x0000040c                __vector_2
                0x0000040c                __vector_21
                0x0000040c                __vector_15
                0x0000040c                __vector_40
                0x0000040c                __vector_8
                0x0000040c                __vector_26
                0x0000040c                __vector_48
                0x0000040c                __vector_14
                0x0000040c                __vector_53
                0x0000040c                __vector_10
                0x0000040c                __vector_50
                0x0000040c                __vector_16
                0x0000040c                __vector_18
                0x0000040c                __vector_20
                0x0000040c                __vector_42
 .text          0x00000410       0x5c lib/tools/timeTask/timeTask_isr.o
                0x00000410                __vector_47
 .text          0x0000046c       0x78 lib/io/uart/uart_isr.o
                0x0000046c                __vector_36
                0x000004aa                __vector_37
 .text          0x000004e4       0x94 lib/io/adc/adc_isr.o
                0x000004e4                __vector_29
                0x00000578                . = ALIGN (0x2)
 *(.text.*)
 .text.calculateDriveCommand
                0x00000578      0x2b6 src/Motion/Driver.o
                0x00000578                calculateDriveCommand
 .text.mazeRunner
                0x0000082e      0x2ae src/Motion/Driver.o
                0x0000082e                mazeRunner
 .text.goToCoordinate
                0x00000adc       0xdc src/Motion/Driver.o
                0x00000adc                goToCoordinate
 .text.getNewPoseForwarding
                0x00000bb8      0x128 src/Motion/Odometry.o
                0x00000bb8                getNewPoseForwarding
 .text.getNewPoseNotForwarding
                0x00000ce0      0x208 src/Motion/Odometry.o
                0x00000ce0                getNewPoseNotForwarding
 .text.bumperInit
                0x00000ee8       0x20 src/Sensors/bumper.o
                0x00000ee8                bumperInit
 .text.rightBumpOn
                0x00000f08       0x1a src/Sensors/bumper.o
                0x00000f08                rightBumpOn
 .text.leftBumpOn
                0x00000f22       0x1a src/Sensors/bumper.o
                0x00000f22                leftBumpOn
 .text.getCollisions
                0x00000f3c        0x6 src/Sensors/bumper.o
                0x00000f3c                getCollisions
 .text.encoderInit
                0x00000f42       0x32 src/Sensors/encoder.o
                0x00000f42                encoderInit
 .text.statInit
                0x00000f74        0x8 src/Sensors/encoder.o
                0x00000f74                statInit
 .text.rightEncFigure
                0x00000f7c       0x50 src/Sensors/encoder.o
                0x00000f7c                rightEncFigure
 .text.leftEncFigure
                0x00000fcc       0x46 src/Sensors/encoder.o
                0x00000fcc                leftEncFigure
 .text.getDistanceFront
                0x00001012       0x2e src/Sensors/infrared.o
                0x00001012                getDistanceFront
 .text.getDistanceLeft
                0x00001040       0x2e src/Sensors/infrared.o
                0x00001040                getDistanceLeft
 .text.getDistanceRight
                0x0000106e       0x2e src/Sensors/infrared.o
                0x0000106e                getDistanceRight
 .text.getGlobeWay
                0x0000109c      0x110 src/Structures/Kernel.o
                0x0000109c                getGlobeWay
 .text.findGlobalWay
                0x000011ac       0x68 src/Structures/Kernel.o
                0x000011ac                findGlobalWay
 .text.setWall  0x00001214      0x188 src/Structures/Kernel.o
                0x00001214                setWall
 .text.marks    0x0000139c       0xfe src/Structures/Kernel.o
                0x0000139c                marks
 .text.mark     0x0000149a      0x10c src/Structures/Kernel.o
                0x0000149a                mark
 .text.isWalled
                0x000015a6       0xf4 src/Structures/Kernel.o
                0x000015a6                isWalled
 .text.wayLessMarks
                0x0000169a       0xd0 src/Structures/Kernel.o
                0x0000169a                wayLessMarks
 .text.setDestination
                0x0000176a      0x25e src/Structures/Kernel.o
                0x0000176a                setDestination
 .text.haveGreed
                0x000019c8      0x15c src/Structures/Kernel.o
                0x000019c8                haveGreed
 .text.startOpt
                0x00001b24       0x12 src/Structures/Kernel.o
                0x00001b24                startOpt
 .text.coreOpt  0x00001b36      0x1b0 src/Structures/Kernel.o
                0x00001b36                coreOpt
 .text.inWayOpt
                0x00001ce6       0x90 src/Structures/Kernel.o
                0x00001ce6                inWayOpt
 .text.inPlaceOpt
                0x00001d76      0x15c src/Structures/Kernel.o
                0x00001d76                inPlaceOpt
 .text.moveOpt  0x00001ed2      0x1ee src/Structures/Kernel.o
                0x00001ed2                moveOpt
 .text.turnOpt  0x000020c0       0x3a src/Structures/Kernel.o
                0x000020c0                turnOpt
 .text.coordLookup
                0x000020fa       0x8c src/Structures/Maze.o
                0x000020fa                coordLookup
 .text.makeCell
                0x00002186       0x86 src/Structures/Maze.o
                0x00002186                makeCell
 .text.mazeInit
                0x0000220c       0xb2 src/Structures/Maze.o
                0x0000220c                mazeInit
 .text.aprilFools
                0x000022be       0x42 src/main.o
                0x000022be                aprilFools
 .text.commDebug
                0x00002300       0x20 src/main.o
 .text.commUserCommand
                0x00002320      0x19e src/main.o
 .text.__vector_11
                0x000024be       0x84 src/main.o
                0x000024be                __vector_11
 .text.__vector_9
                0x00002542      0x146 src/main.o
                0x00002542                __vector_9
 .text.startup.main
                0x00002688      0x440 src/main.o
                0x00002688                main
 .text.__vector_default
                0x00002ac8       0x30 src/badISR.o
                0x00002ac8                __vector_default
 .text.timeTask_init
                0x00002af8       0x46 lib/tools/timeTask/timeTask.o
                0x00002af8                timeTask_init
 .text.Motor_init
                0x00002b3e       0x98 lib/motor/motor.o
                0x00002b3e                Motor_init
 .text.Motor_setVelocities
                0x00002bd6       0x70 lib/motor/motor.o
                0x00002bd6                Motor_setVelocities
 .text.Motor_stopAll
                0x00002c46       0x2c lib/motor/motor.o
                0x00002c46                Motor_stopAll
 .text.uart_write1
                0x00002c72       0x24 lib/io/uart/uart.o
                0x00002c72                uart_write1
 .text.uart_read1
                0x00002c96       0x24 lib/io/uart/uart.o
                0x00002c96                uart_read1
 .text.uart_available1
                0x00002cba       0x12 lib/io/uart/uart.o
                0x00002cba                uart_available1
 .text.uart_init
                0x00002ccc       0x26 lib/io/uart/uart.o
                0x00002ccc                uart_init
 .text.ADC_init
                0x00002cf2       0xae lib/io/adc/adc.o
                0x00002cf2                ADC_init
 .text.ADC_getFilteredValue
                0x00002da0       0x2c lib/io/adc/adc.o
                0x00002da0                ADC_getFilteredValue
 .text.readPackets
                0x00002dcc      0x182 lib/communication/communication.o
 .text.communication_init
                0x00002f4e       0x10 lib/communication/communication.o
                0x00002f4e                communication_init
 .text.communication_writePacket
                0x00002f5e       0xe4 lib/communication/communication.o
                0x00002f5e                communication_writePacket
 .text.communication_log
                0x00003042       0x74 lib/communication/communication.o
                0x00003042                communication_log
 .text.communication_log_P
                0x000030b6       0x74 lib/communication/communication.o
                0x000030b6                communication_log_P
 .text.communication_readPackets
                0x0000312a        0xe lib/communication/communication.o
                0x0000312a                communication_readPackets
 .text.commPathFollowerParameters
                0x00003138       0x38 lib/pathFollower/pathFollower.o
                0x00003138                commPathFollowerParameters
 .text.setPath  0x00003170      0x16e lib/pathFollower/pathFollower.o
 .text.commPathFollower
                0x000032de      0x11a lib/pathFollower/pathFollower.o
                0x000032de                commPathFollower
 .text.pathFollower_init
                0x000033f8       0x16 lib/pathFollower/pathFollower.o
                0x000033f8                pathFollower_init
 .text.pathFollower_setNewPath
                0x0000340e       0x5e lib/pathFollower/pathFollower.o
                0x0000340e                pathFollower_setNewPath
 .text.pathFollower_command
                0x0000346c       0x32 lib/pathFollower/pathFollower.o
                0x0000346c                pathFollower_command
 .text.pathFollower_update
                0x0000349e      0xec6 lib/pathFollower/pathFollower.o
                0x0000349e                pathFollower_update
 .text.avr-libc.fplib
                0x00004364       0x22 c:/program files (x86)/atmel/studio/7.0/toolchain/avr8/avr8-gnu-toolchain/bin/../lib/gcc/avr/5.4.0/../../../../avr/lib/avr51\libm.a(acos.o)
                0x00004364                acos
 .text.avr-libc.fplib
                0x00004386        0xe c:/program files (x86)/atmel/studio/7.0/toolchain/avr8/avr8-gnu-toolchain/bin/../lib/gcc/avr/5.4.0/../../../../avr/lib/avr51\libm.a(addsf3.o)
                0x00004386                __subsf3
                0x00004388                __addsf3
 .text.avr-libc.fplib
                0x00004394       0xcc c:/program files (x86)/atmel/studio/7.0/toolchain/avr8/avr8-gnu-toolchain/bin/../lib/gcc/avr/5.4.0/../../../../avr/lib/avr51\libm.a(addsf3x.o)
                0x000043b6                __addsf3x
 .text.avr-libc.fplib
                0x00004460        0xa c:/program files (x86)/atmel/studio/7.0/toolchain/avr8/avr8-gnu-toolchain/bin/../lib/gcc/avr/5.4.0/../../../../avr/lib/avr51\libm.a(cmpsf2.o)
                0x00004460                __nesf2
                0x00004460                __eqsf2
                0x00004460                __cmpsf2
                0x00004460                __ltsf2
                0x00004460                __lesf2
 .text.avr-libc.fplib
                0x0000446a        0xa c:/program files (x86)/atmel/studio/7.0/toolchain/avr8/avr8-gnu-toolchain/bin/../lib/gcc/avr/5.4.0/../../../../avr/lib/avr51\libm.a(cos.o)
                0x0000446a                cos
 .text.avr-libc.fplib
                0x00004474        0x8 c:/program files (x86)/atmel/studio/7.0/toolchain/avr8/avr8-gnu-toolchain/bin/../lib/gcc/avr/5.4.0/../../../../avr/lib/avr51\libm.a(divsf3.o)
                0x00004474                __divsf3
 .text.avr-libc.fplib
                0x0000447c       0xdc c:/program files (x86)/atmel/studio/7.0/toolchain/avr8/avr8-gnu-toolchain/bin/../lib/gcc/avr/5.4.0/../../../../avr/lib/avr51\libm.a(divsf3x.o)
                0x0000449c                __divsf3x
                0x000044a2                __divsf3_pse
 .text.avr-libc.fplib
                0x00004558        0xe c:/program files (x86)/atmel/studio/7.0/toolchain/avr8/avr8-gnu-toolchain/bin/../lib/gcc/avr/5.4.0/../../../../avr/lib/avr51\libm.a(fixsfsi.o)
                0x00004558                __fixsfsi
 .text.avr-libc.fplib
                0x00004566       0x5e c:/program files (x86)/atmel/studio/7.0/toolchain/avr8/avr8-gnu-toolchain/bin/../lib/gcc/avr/5.4.0/../../../../avr/lib/avr51\libm.a(fixunssfsi.o)
                0x00004566                __fixunssfsi
 .text.avr-libc.fplib
                0x000045c4       0x7a c:/program files (x86)/atmel/studio/7.0/toolchain/avr8/avr8-gnu-toolchain/bin/../lib/gcc/avr/5.4.0/../../../../avr/lib/avr51\libm.a(floatsisf.o)
                0x000045c4                __floatunsisf
                0x000045c8                __floatsisf
 .text.avr-libc.fplib
                0x0000463e       0x12 c:/program files (x86)/atmel/studio/7.0/toolchain/avr8/avr8-gnu-toolchain/bin/../lib/gcc/avr/5.4.0/../../../../avr/lib/avr51\libm.a(fma.o)
                0x0000463e                fma
 .text.avr-libc.fplib
                0x00004650       0x40 c:/program files (x86)/atmel/studio/7.0/toolchain/avr8/avr8-gnu-toolchain/bin/../lib/gcc/avr/5.4.0/../../../../avr/lib/avr51\libm.a(fp_arccos.o)
                0x00004650                __fp_arccos
 .text.avr-libc.fplib
                0x00004690       0x48 c:/program files (x86)/atmel/studio/7.0/toolchain/avr8/avr8-gnu-toolchain/bin/../lib/gcc/avr/5.4.0/../../../../avr/lib/avr51\libm.a(fp_cmp.o)
                0x00004690                __fp_cmp
 .text.avr-libc.fplib
                0x000046d8        0xc c:/program files (x86)/atmel/studio/7.0/toolchain/avr8/avr8-gnu-toolchain/bin/../lib/gcc/avr/5.4.0/../../../../avr/lib/avr51\libm.a(fp_inf.o)
                0x000046d8                __fp_inf
 .text.avr-libc.fplib
                0x000046e4        0x6 c:/program files (x86)/atmel/studio/7.0/toolchain/avr8/avr8-gnu-toolchain/bin/../lib/gcc/avr/5.4.0/../../../../avr/lib/avr51\libm.a(fp_nan.o)
                0x000046e4                __fp_nan
 .text.avr-libc.fplib
                0x000046ea       0x4e c:/program files (x86)/atmel/studio/7.0/toolchain/avr8/avr8-gnu-toolchain/bin/../lib/gcc/avr/5.4.0/../../../../avr/lib/avr51\libm.a(fp_powser.o)
                0x000046ea                __fp_powser
 .text.avr-libc.fplib
                0x00004738        0xe c:/program files (x86)/atmel/studio/7.0/toolchain/avr8/avr8-gnu-toolchain/bin/../lib/gcc/avr/5.4.0/../../../../avr/lib/avr51\libm.a(fp_pscA.o)
                0x00004738                __fp_pscA
 .text.avr-libc.fplib
                0x00004746        0xe c:/program files (x86)/atmel/studio/7.0/toolchain/avr8/avr8-gnu-toolchain/bin/../lib/gcc/avr/5.4.0/../../../../avr/lib/avr51\libm.a(fp_pscB.o)
                0x00004746                __fp_pscB
 .text.avr-libc.fplib
                0x00004754       0x56 c:/program files (x86)/atmel/studio/7.0/toolchain/avr8/avr8-gnu-toolchain/bin/../lib/gcc/avr/5.4.0/../../../../avr/lib/avr51\libm.a(fp_rempio2.o)
                0x00004758                __fp_rempio2
 .text.avr-libc.fplib
                0x000047aa       0x22 c:/program files (x86)/atmel/studio/7.0/toolchain/avr8/avr8-gnu-toolchain/bin/../lib/gcc/avr/5.4.0/../../../../avr/lib/avr51\libm.a(fp_round.o)
                0x000047aa                __fp_round
 .text.avr-libc.fplib
                0x000047cc       0x28 c:/program files (x86)/atmel/studio/7.0/toolchain/avr8/avr8-gnu-toolchain/bin/../lib/gcc/avr/5.4.0/../../../../avr/lib/avr51\libm.a(fp_sinus.o)
                0x000047cc                __fp_sinus
 .text.avr-libc.fplib
                0x000047f4       0x44 c:/program files (x86)/atmel/studio/7.0/toolchain/avr8/avr8-gnu-toolchain/bin/../lib/gcc/avr/5.4.0/../../../../avr/lib/avr51\libm.a(fp_split3.o)
                0x000047f4                __fp_split3
                0x00004804                __fp_splitA
 .text.avr-libc.fplib
                0x00004838        0xe c:/program files (x86)/atmel/studio/7.0/toolchain/avr8/avr8-gnu-toolchain/bin/../lib/gcc/avr/5.4.0/../../../../avr/lib/avr51\libm.a(fp_zero.o)
                0x00004838                __fp_zero
                0x0000483a                __fp_szero
 .text.avr-libc.fplib
                0x00004846        0xa c:/program files (x86)/atmel/studio/7.0/toolchain/avr8/avr8-gnu-toolchain/bin/../lib/gcc/avr/5.4.0/../../../../avr/lib/avr51\libm.a(gesf2.o)
                0x00004846                __gesf2
                0x00004846                __gtsf2
 .text.avr-libc.fplib
                0x00004850       0xda c:/program files (x86)/atmel/studio/7.0/toolchain/avr8/avr8-gnu-toolchain/bin/../lib/gcc/avr/5.4.0/../../../../avr/lib/avr51\libm.a(hypot.o)
                0x0000486c                hypot
 .text.avr-libc.fplib
                0x0000492a       0x74 c:/program files (x86)/atmel/studio/7.0/toolchain/avr8/avr8-gnu-toolchain/bin/../lib/gcc/avr/5.4.0/../../../../avr/lib/avr51\libm.a(ldexp.o)
                0x00004932                ldexp
 .text.avr-libc.fplib
                0x0000499e        0x8 c:/program files (x86)/atmel/studio/7.0/toolchain/avr8/avr8-gnu-toolchain/bin/../lib/gcc/avr/5.4.0/../../../../avr/lib/avr51\libm.a(mulsf3.o)
                0x0000499e                __mulsf3
 .text.avr-libc.fplib
                0x000049a6       0xd2 c:/program files (x86)/atmel/studio/7.0/toolchain/avr8/avr8-gnu-toolchain/bin/../lib/gcc/avr/5.4.0/../../../../avr/lib/avr51\libm.a(mulsf3x.o)
                0x000049c4                __mulsf3x
                0x000049ca                __mulsf3_pse
 .text.avr-libc.fplib
                0x00004a78       0x48 c:/program files (x86)/atmel/studio/7.0/toolchain/avr8/avr8-gnu-toolchain/bin/../lib/gcc/avr/5.4.0/../../../../avr/lib/avr51\libm.a(round.o)
                0x00004a78                round
 .text.avr-libc.fplib
                0x00004ac0       0x10 c:/program files (x86)/atmel/studio/7.0/toolchain/avr8/avr8-gnu-toolchain/bin/../lib/gcc/avr/5.4.0/../../../../avr/lib/avr51\libm.a(sin.o)
                0x00004ac0                sin
 .text.avr-libc.fplib
                0x00004ad0       0x8c c:/program files (x86)/atmel/studio/7.0/toolchain/avr8/avr8-gnu-toolchain/bin/../lib/gcc/avr/5.4.0/../../../../avr/lib/avr51\libm.a(sqrt.o)
                0x00004adc                sqrtf
                0x00004adc                sqrt
 .text.avr-libc.fplib
                0x00004b5c        0x8 c:/program files (x86)/atmel/studio/7.0/toolchain/avr8/avr8-gnu-toolchain/bin/../lib/gcc/avr/5.4.0/../../../../avr/lib/avr51\libm.a(square.o)
                0x00004b5c                square
 .text.avr-libc.fplib
                0x00004b64       0x4a c:/program files (x86)/atmel/studio/7.0/toolchain/avr8/avr8-gnu-toolchain/bin/../lib/gcc/avr/5.4.0/../../../../avr/lib/avr51\libm.a(tan.o)
                0x00004b64                tan
 .text.avr-libc.fplib
                0x00004bae       0x36 c:/program files (x86)/atmel/studio/7.0/toolchain/avr8/avr8-gnu-toolchain/bin/../lib/gcc/avr/5.4.0/../../../../avr/lib/avr51\libm.a(fp_mintl.o)
                0x00004bae                __fp_mintl
 .text.avr-libc.fplib
                0x00004be4       0x1c c:/program files (x86)/atmel/studio/7.0/toolchain/avr8/avr8-gnu-toolchain/bin/../lib/gcc/avr/5.4.0/../../../../avr/lib/avr51\libm.a(fp_mpack.o)
                0x00004be4                __fp_mpack
                0x00004be8                __fp_mpack_finite
 .text.avr-libc.fplib
                0x00004c00        0xe c:/program files (x86)/atmel/studio/7.0/toolchain/avr8/avr8-gnu-toolchain/bin/../lib/gcc/avr/5.4.0/../../../../avr/lib/avr51\libm.a(fp_norm2.o)
                0x00004c00                __fp_norm2
 .text.avr-libc.fplib
                0x00004c0e       0x28 c:/program files (x86)/atmel/studio/7.0/toolchain/avr8/avr8-gnu-toolchain/bin/../lib/gcc/avr/5.4.0/../../../../avr/lib/avr51\libm.a(fp_powsodd.o)
                0x00004c0e                __fp_powsodd
 .text.avr-libc.fplib
                0x00004c36       0x10 c:/program files (x86)/atmel/studio/7.0/toolchain/avr8/avr8-gnu-toolchain/bin/../lib/gcc/avr/5.4.0/../../../../avr/lib/avr51\libm.a(inverse.o)
                0x00004c36                inverse
 .text.avr-libc
                0x00004c46      0x74c c:/program files (x86)/atmel/studio/7.0/toolchain/avr8/avr8-gnu-toolchain/bin/../lib/gcc/avr/5.4.0/../../../../avr/lib/avr51\libprintf_flt.a(vfprintf_flt.o)
                0x00004c46                vfprintf
 .text.libgcc   0x00005392       0x12 c:/program files (x86)/atmel/studio/7.0/toolchain/avr8/avr8-gnu-toolchain/bin/../lib/gcc/avr/5.4.0/avr51\libgcc.a(_tablejump2.o)
                0x00005392                __tablejump2__
 .text.avr-libc
                0x000053a4      0x242 c:/program files (x86)/atmel/studio/7.0/toolchain/avr8/avr8-gnu-toolchain/bin/../lib/gcc/avr/5.4.0/../../../../avr/lib/avr51\libc.a(malloc.o)
                0x000053a4                malloc
                0x000054d4                free
 .text.avr-libc
                0x000055e6      0x1b0 c:/program files (x86)/atmel/studio/7.0/toolchain/avr8/avr8-gnu-toolchain/bin/../lib/gcc/avr/5.4.0/../../../../avr/lib/avr51\libc.a(ftoa_engine.o)
                0x000055e6                __ftoa_engine
 .text.avr-libc
                0x00005796       0x16 c:/program files (x86)/atmel/studio/7.0/toolchain/avr8/avr8-gnu-toolchain/bin/../lib/gcc/avr/5.4.0/../../../../avr/lib/avr51\libc.a(strnlen_P.o)
                0x00005796                strnlen_P
 .text.avr-libc
                0x000057ac       0x12 c:/program files (x86)/atmel/studio/7.0/toolchain/avr8/avr8-gnu-toolchain/bin/../lib/gcc/avr/5.4.0/../../../../avr/lib/avr51\libc.a(memcpy.o)
                0x000057ac                memcpy
 .text.avr-libc
                0x000057be       0x16 c:/program files (x86)/atmel/studio/7.0/toolchain/avr8/avr8-gnu-toolchain/bin/../lib/gcc/avr/5.4.0/../../../../avr/lib/avr51\libc.a(strnlen.o)
                0x000057be                strnlen
 .text.avr-libc
                0x000057d4       0x78 c:/program files (x86)/atmel/studio/7.0/toolchain/avr8/avr8-gnu-toolchain/bin/../lib/gcc/avr/5.4.0/../../../../avr/lib/avr51\libc.a(fputc.o)
                0x000057d4                fputc
 .text.avr-libc
                0x0000584c       0x72 c:/program files (x86)/atmel/studio/7.0/toolchain/avr8/avr8-gnu-toolchain/bin/../lib/gcc/avr/5.4.0/../../../../avr/lib/avr51\libc.a(vsnprintf.o)
                0x0000584c                vsnprintf
 .text.avr-libc
                0x000058be       0x72 c:/program files (x86)/atmel/studio/7.0/toolchain/avr8/avr8-gnu-toolchain/bin/../lib/gcc/avr/5.4.0/../../../../avr/lib/avr51\libc.a(vsnprintf_p.o)
                0x000058be                vsnprintf_P
 .text.avr-libc
                0x00005930       0xbc c:/program files (x86)/atmel/studio/7.0/toolchain/avr8/avr8-gnu-toolchain/bin/../lib/gcc/avr/5.4.0/../../../../avr/lib/avr51\libc.a(ultoa_invert.o)
                0x00005930                __ultoa_invert
                0x000059ec                . = ALIGN (0x2)
 *(.fini9)
 .fini9         0x000059ec        0x0 c:/program files (x86)/atmel/studio/7.0/toolchain/avr8/avr8-gnu-toolchain/bin/../lib/gcc/avr/5.4.0/avr51\libgcc.a(_exit.o)
                0x000059ec                _exit
                0x000059ec                exit
 *(.fini9)
 *(.fini8)
 *(.fini8)
 *(.fini7)
 *(.fini7)
 *(.fini6)
 *(.fini6)
 *(.fini5)
 *(.fini5)
 *(.fini4)
 *(.fini4)
 *(.fini3)
 *(.fini3)
 *(.fini2)
 *(.fini2)
 *(.fini1)
 *(.fini1)
 *(.fini0)
 .fini0         0x000059ec        0x4 c:/program files (x86)/atmel/studio/7.0/toolchain/avr8/avr8-gnu-toolchain/bin/../lib/gcc/avr/5.4.0/avr51\libgcc.a(_exit.o)
 *(.fini0)
                0x000059f0                _etext = .

.data           0x00800200      0x1cc load address 0x000059f0
                0x00800200                PROVIDE (__data_start, .)
 *(.data)
 .data          0x00800200        0x6 c:/program files (x86)/atmel/studio/7.0/toolchain/avr8/avr8-gnu-toolchain/bin/../lib/gcc/avr/5.4.0/../../../../avr/lib/avr51\libc.a(malloc.o)
                0x00800200                __malloc_heap_end
                0x00800202                __malloc_heap_start
                0x00800204                __malloc_margin
 *(.data*)
 .data.speedV   0x00800206        0x4 src/Motion/Driver.o
                0x00800206                speedV
 .data.currDestination
                0x0080020a        0x4 src/Structures/Kernel.o
                0x0080020a                currDestination
 .data.lastCoordInMaze
                0x0080020e        0x4 src/Structures/Kernel.o
                0x0080020e                lastCoordInMaze
 .data.p        0x00800212        0x8 src/main.o
                0x00800212                p
 .data.statDummy
                0x0080021a        0x1 src/main.o
                0x0080021a                statDummy
 .data.coord    0x0080021b        0x4 src/main.o
                0x0080021b                coord
 .data.inMaze   0x0080021f        0x1 src/main.o
                0x0080021f                inMaze
 .data.pose     0x00800220        0xc src/main.o
                0x00800220                pose
 .data.timeTask_idx
                0x0080022c        0x1 lib/tools/timeTask/timeTask.o
                0x0080022c                timeTask_idx
 .data.timeTask_uptime
                0x0080022d        0x4 lib/tools/timeTask/timeTask.o
                0x0080022d                timeTask_uptime
 .data.currentChannel
                0x00800231        0x2 lib/io/adc/adc.o
                0x00800231                currentChannel
 .data.curSeg   0x00800233        0x2 lib/pathFollower/pathFollower.o
 .data.pathFollower_segmentLimit
                0x00800235        0x1 lib/pathFollower/pathFollower.o
                0x00800235                pathFollower_segmentLimit
 .data.pathFollower_lookaheadDistance
                0x00800236        0x4 lib/pathFollower/pathFollower.o
                0x00800236                pathFollower_lookaheadDistance
 *(.gnu.linkonce.d*)
 *(.rodata)
 *(.rodata*)
 .rodata.checkUpTable
                0x0080023a       0x10 src/Sensors/encoder.o
 .rodata.str1.1
                0x0080024a       0xa0 src/Structures/Kernel.o
 .rodata.str1.1
                0x008002ea       0xc1 src/main.o
 .rodata.str1.1
                0x008003ab       0x20 lib/pathFollower/pathFollower.o
 *(.gnu.linkonce.r*)
                0x008003cc                . = ALIGN (0x2)
 *fill*         0x008003cb        0x1 
                0x008003cc                _edata = .
                0x008003cc                PROVIDE (__data_end, .)

.bss            0x008003cc      0xa04
                0x008003cc                PROVIDE (__bss_start, .)
 *(.bss)
 *(.bss*)
 .bss.MVelocityL
                0x008003cc        0x2 src/Motion/Driver.o
                0x008003cc                MVelocityL
 .bss.MVelocityR
                0x008003ce        0x2 src/Motion/Driver.o
                0x008003ce                MVelocityR
 .bss.currDestinationCoords
                0x008003d0        0x4 src/Structures/Kernel.o
                0x008003d0                currDestinationCoords
 .bss.APRIL_TASK.2834
                0x008003d4        0x2 src/main.o
 .bss.FOLLOWER_TASK.2830
                0x008003d6        0x2 src/main.o
 .bss.POSE_TASK.2820
                0x008003d8        0x2 src/main.o
 .bss.TELEMETRY_TASK.2816
                0x008003da        0x2 src/main.o
 .bss.LED_TASK.2813
                0x008003dc        0x2 src/main.o
 .bss.dummyPulsesR
                0x008003de        0x2 src/main.o
                0x008003de                dummyPulsesR
 .bss.dummyPulsesL
                0x008003e0        0x2 src/main.o
                0x008003e0                dummyPulsesL
 .bss.doneHere  0x008003e2        0x1 src/main.o
                0x008003e2                doneHere
 .bss.stat      0x008003e3        0x1 src/main.o
                0x008003e3                stat
 .bss.timeTask_initialized
                0x008003e4        0x1 lib/tools/timeTask/timeTask.o
 .bss.timeTask_time_ms
                0x008003e5        0x2 lib/tools/timeTask/timeTask.o
                0x008003e5                timeTask_time_ms
 .bss.uart1     0x008003e7        0x5 lib/io/uart/uart.o
                0x008003e7                uart1
 .bss.ADC_enabled
                0x008003ec        0x1 lib/io/adc/adc.o
                0x008003ec                ADC_enabled
 .bss.errors    0x008003ed        0x1 lib/communication/communication.o
 .bss.inChksum  0x008003ee        0x1 lib/communication/communication.o
 .bss.isESC     0x008003ef        0x1 lib/communication/communication.o
 .bss.inBufLen  0x008003f0        0x2 lib/communication/communication.o
 .bss.inBuf     0x008003f2      0x400 lib/communication/communication.o
 .bss.relL      0x008007f2        0x4 lib/pathFollower/pathFollower.o
 .bss.nextSegLen
                0x008007f6        0x4 lib/pathFollower/pathFollower.o
 .bss.nextSegLenSq
                0x008007fa        0x4 lib/pathFollower/pathFollower.o
 .bss.nextSegVec
                0x008007fe        0x8 lib/pathFollower/pathFollower.o
 .bss.nextSegEnd
                0x00800806        0x4 lib/pathFollower/pathFollower.o
 .bss.curSegLen
                0x0080080a        0x4 lib/pathFollower/pathFollower.o
 .bss.curSegLenSq
                0x0080080e        0x4 lib/pathFollower/pathFollower.o
 .bss.curSegVec
                0x00800812        0x8 lib/pathFollower/pathFollower.o
 .bss.initialized
                0x0080081a        0x1 lib/pathFollower/pathFollower.o
 .bss.pathLength
                0x0080081b        0x1 lib/pathFollower/pathFollower.o
 .bss.path      0x0080081c        0x2 lib/pathFollower/pathFollower.o
 .bss.pathFollower_callback
                0x0080081e        0x2 lib/pathFollower/pathFollower.o
 .bss.pathFollower_status
                0x00800820       0x11 lib/pathFollower/pathFollower.o
                0x00800820                pathFollower_status
 *(COMMON)
 COMMON         0x00800831        0x3 src/Motion/Driver.o
                0x00800831                rightEncPulsed
                0x00800832                leftEncPulsed
                0x00800833                lastStatPinb
 COMMON         0x00800834        0x1 src/Sensors/bumper.o
                0x00800834                collisions
 COMMON         0x00800835        0x4 src/Sensors/encoder.o
                0x00800835                rightEncPulses
                0x00800837                leftEncPulses
 COMMON         0x00800839      0x3d4 src/Structures/Maze.o
                0x00800839                maze
 COMMON         0x00800c0d        0x1 src/main.o
                0x00800c0d                movementstat
 COMMON         0x00800c0e      0x180 lib/io/uart/uart.o
                0x00800c0e                uart1_RX_buf
                0x00800c8e                uart1_TX_buf
 COMMON         0x00800d8e       0x1e lib/io/adc/adc.o
                0x00800d8e                channels
 COMMON         0x00800dac       0x20 lib/communication/communication.o
                0x00800dac                communication_ChannelReceivers
 COMMON         0x00800dcc        0x4 c:/program files (x86)/atmel/studio/7.0/toolchain/avr8/avr8-gnu-toolchain/bin/../lib/gcc/avr/5.4.0/../../../../avr/lib/avr51\libc.a(malloc.o)
                0x00800dcc                __brkval
                0x00800dce                __flp
                0x00800dd0                PROVIDE (__bss_end, .)
                0x000059f0                __data_load_start = LOADADDR (.data)
                0x00005bbc                __data_load_end = (__data_load_start + SIZEOF (.data))

.noinit         0x00800dd0        0x0
                [!provide]                PROVIDE (__noinit_start, .)
 *(.noinit*)
                [!provide]                PROVIDE (__noinit_end, .)
                0x00800dd0                _end = .
                0x00800dd0                PROVIDE (__heap_start, .)

.eeprom         0x00810000        0x0
 *(.eeprom*)
                0x00810000                __eeprom_end = .

.fuse
 *(.fuse)
 *(.lfuse)
 *(.hfuse)
 *(.efuse)

.lock
 *(.lock*)

.signature
 *(.signature*)

.user_signatures
 *(.user_signatures*)

.stab
 *(.stab)

.stabstr
 *(.stabstr)

.stab.excl
 *(.stab.excl)

.stab.exclstr
 *(.stab.exclstr)

.stab.index
 *(.stab.index)

.stab.indexstr
 *(.stab.indexstr)

.comment        0x00000000       0x5c
 *(.comment)
 .comment       0x00000000       0x30 src/Motion/Driver.o
                                 0x31 (size before relaxing)
 .comment       0x00000030       0x31 src/Motion/Odometry.o
 .comment       0x00000030       0x31 src/Sensors/bumper.o
 .comment       0x00000030       0x31 src/Sensors/encoder.o
 .comment       0x00000030       0x31 src/Sensors/infrared.o
 .comment       0x00000030       0x31 src/Structures/Kernel.o
 .comment       0x00000030       0x31 src/Structures/Maze.o
 .comment       0x00000030       0x31 src/main.o
 .comment       0x00000030       0x31 src/badISR.o
 .comment       0x00000030       0x31 lib/tools/timeTask/timeTask.o
 .comment       0x00000030       0x31 lib/motor/motor.o
 .comment       0x00000030       0x31 lib/io/uart/uart.o
 .comment       0x00000030       0x31 lib/io/adc/adc.o
 .comment       0x00000030       0x31 lib/communication/communication.o
 .comment       0x00000030       0x31 lib/pathFollower/pathFollower.o
 .comment       0x00000030       0x2c c:/program files (x86)/atmel/studio/7.0/toolchain/avr8/avr8-gnu-toolchain/bin/../lib/gcc/avr/5.4.0/../../../../avr/lib/avr51\libprintf_flt.a(vfprintf_flt.o)
                                 0x2d (size before relaxing)
 .comment       0x0000005c       0x31 c:/program files (x86)/atmel/studio/7.0/toolchain/avr8/avr8-gnu-toolchain/bin/../lib/gcc/avr/5.4.0/../../../../avr/lib/avr51\libc.a(malloc.o)
 .comment       0x0000005c       0x31 c:/program files (x86)/atmel/studio/7.0/toolchain/avr8/avr8-gnu-toolchain/bin/../lib/gcc/avr/5.4.0/../../../../avr/lib/avr51\libc.a(fputc.o)
 .comment       0x0000005c       0x31 c:/program files (x86)/atmel/studio/7.0/toolchain/avr8/avr8-gnu-toolchain/bin/../lib/gcc/avr/5.4.0/../../../../avr/lib/avr51\libc.a(vsnprintf.o)
 .comment       0x0000005c       0x31 c:/program files (x86)/atmel/studio/7.0/toolchain/avr8/avr8-gnu-toolchain/bin/../lib/gcc/avr/5.4.0/../../../../avr/lib/avr51\libc.a(vsnprintf_p.o)

.note.gnu.avr.deviceinfo
                0x00000000       0x40
 .note.gnu.avr.deviceinfo
                0x00000000       0x40 C:/Program Files (x86)/Atmel/Studio/7.0/Packs/atmel/ATmega_DFP/1.6.364/gcc/dev/atmega1280/avr51/crtatmega1280.o

.note.gnu.build-id
 *(.note.gnu.build-id)

.debug
 *(.debug)

.line
 *(.line)

.debug_srcinfo
 *(.debug_srcinfo)

.debug_sfnames
 *(.debug_sfnames)

.debug_aranges  0x00000000      0x4a8
 *(.debug_aranges)
 .debug_aranges
                0x00000000       0x60 src/Motion/Driver.o
 .debug_aranges
                0x00000060       0x30 src/Motion/Odometry.o
 .debug_aranges
                0x00000090       0x50 src/Sensors/bumper.o
 .debug_aranges
                0x000000e0       0x38 src/Sensors/encoder.o
 .debug_aranges
                0x00000118       0x30 src/Sensors/infrared.o
 .debug_aranges
                0x00000148       0x98 src/Structures/Kernel.o
 .debug_aranges
                0x000001e0       0x30 src/Structures/Maze.o
 .debug_aranges
                0x00000210       0x48 src/main.o
 .debug_aranges
                0x00000258       0x20 src/badISR.o
 .debug_aranges
                0x00000278       0x48 lib/tools/timeTask/timeTask.o
 .debug_aranges
                0x000002c0       0x20 lib/tools/timeTask/timeTask_isr.o
 .debug_aranges
                0x000002e0       0x50 lib/motor/motor.o
 .debug_aranges
                0x00000330       0x20 lib/io/uart/uart_isr.o
 .debug_aranges
                0x00000350       0x58 lib/io/uart/uart.o
 .debug_aranges
                0x000003a8       0x20 lib/io/adc/adc_isr.o
 .debug_aranges
                0x000003c8       0x30 lib/io/adc/adc.o
 .debug_aranges
                0x000003f8       0x50 lib/communication/communication.o
 .debug_aranges
                0x00000448       0x60 lib/pathFollower/pathFollower.o

.debug_pubnames
 *(.debug_pubnames)

.debug_info     0x00000000     0x70cc
 *(.debug_info .gnu.linkonce.wi.*)
 .debug_info    0x00000000      0xbbc C:/Program Files (x86)/Atmel/Studio/7.0/Packs/atmel/ATmega_DFP/1.6.364/gcc/dev/atmega1280/avr51/crtatmega1280.o
 .debug_info    0x00000bbc      0x926 src/Motion/Driver.o
 .debug_info    0x000014e2      0x377 src/Motion/Odometry.o
 .debug_info    0x00001859      0x161 src/Sensors/bumper.o
 .debug_info    0x000019ba      0x1ff src/Sensors/encoder.o
 .debug_info    0x00001bb9       0xfd src/Sensors/infrared.o
 .debug_info    0x00001cb6     0x12d0 src/Structures/Kernel.o
 .debug_info    0x00002f86      0x2b5 src/Structures/Maze.o
 .debug_info    0x0000323b     0x1332 src/main.o
 .debug_info    0x0000456d      0x105 src/badISR.o
 .debug_info    0x00004672      0x326 lib/tools/timeTask/timeTask.o
 .debug_info    0x00004998       0x86 lib/tools/timeTask/timeTask_isr.o
 .debug_info    0x00004a1e      0x315 lib/motor/motor.o
 .debug_info    0x00004d33       0x7b lib/io/uart/uart_isr.o
 .debug_info    0x00004dae      0x3e8 lib/io/uart/uart.o
 .debug_info    0x00005196       0x79 lib/io/adc/adc_isr.o
 .debug_info    0x0000520f      0x49b lib/io/adc/adc.o
 .debug_info    0x000056aa      0x6d8 lib/communication/communication.o
 .debug_info    0x00005d82     0x134a lib/pathFollower/pathFollower.o

.debug_abbrev   0x00000000     0x2674
 *(.debug_abbrev)
 .debug_abbrev  0x00000000      0xb1a C:/Program Files (x86)/Atmel/Studio/7.0/Packs/atmel/ATmega_DFP/1.6.364/gcc/dev/atmega1280/avr51/crtatmega1280.o
 .debug_abbrev  0x00000b1a      0x282 src/Motion/Driver.o
 .debug_abbrev  0x00000d9c      0x11d src/Motion/Odometry.o
 .debug_abbrev  0x00000eb9       0xc2 src/Sensors/bumper.o
 .debug_abbrev  0x00000f7b      0x102 src/Sensors/encoder.o
 .debug_abbrev  0x0000107d       0x6f src/Sensors/infrared.o
 .debug_abbrev  0x000010ec      0x399 src/Structures/Kernel.o
 .debug_abbrev  0x00001485      0x114 src/Structures/Maze.o
 .debug_abbrev  0x00001599      0x3bd src/main.o
 .debug_abbrev  0x00001956       0xba src/badISR.o
 .debug_abbrev  0x00001a10      0x158 lib/tools/timeTask/timeTask.o
 .debug_abbrev  0x00001b68       0x14 lib/tools/timeTask/timeTask_isr.o
 .debug_abbrev  0x00001b7c      0x159 lib/motor/motor.o
 .debug_abbrev  0x00001cd5       0x14 lib/io/uart/uart_isr.o
 .debug_abbrev  0x00001ce9      0x1b8 lib/io/uart/uart.o
 .debug_abbrev  0x00001ea1       0x14 lib/io/adc/adc_isr.o
 .debug_abbrev  0x00001eb5      0x206 lib/io/adc/adc.o
 .debug_abbrev  0x000020bb      0x21a lib/communication/communication.o
 .debug_abbrev  0x000022d5      0x39f lib/pathFollower/pathFollower.o

.debug_line     0x00000000     0x38a1
 *(.debug_line .debug_line.* .debug_line_end)
 .debug_line    0x00000000      0x1ee C:/Program Files (x86)/Atmel/Studio/7.0/Packs/atmel/ATmega_DFP/1.6.364/gcc/dev/atmega1280/avr51/crtatmega1280.o
 .debug_line    0x000001ee      0x3b2 src/Motion/Driver.o
 .debug_line    0x000005a0      0x182 src/Motion/Odometry.o
 .debug_line    0x00000722      0x1a3 src/Sensors/bumper.o
 .debug_line    0x000008c5      0x1db src/Sensors/encoder.o
 .debug_line    0x00000aa0       0xa2 src/Sensors/infrared.o
 .debug_line    0x00000b42      0xab0 src/Structures/Kernel.o
 .debug_line    0x000015f2      0x13e src/Structures/Maze.o
 .debug_line    0x00001730      0x75a src/main.o
 .debug_line    0x00001e8a      0x13b src/badISR.o
 .debug_line    0x00001fc5      0x254 lib/tools/timeTask/timeTask.o
 .debug_line    0x00002219      0x130 lib/tools/timeTask/timeTask_isr.o
 .debug_line    0x00002349      0x2ca lib/motor/motor.o
 .debug_line    0x00002613       0x4e lib/io/uart/uart_isr.o
 .debug_line    0x00002661      0x20a lib/io/uart/uart.o
 .debug_line    0x0000286b      0x1cb lib/io/adc/adc_isr.o
 .debug_line    0x00002a36      0x2bc lib/io/adc/adc.o
 .debug_line    0x00002cf2      0x4f5 lib/communication/communication.o
 .debug_line    0x000031e7      0x6ba lib/pathFollower/pathFollower.o

.debug_frame    0x00000000      0xfcc
 *(.debug_frame)
 .debug_frame   0x00000000      0x248 src/Motion/Driver.o
 .debug_frame   0x00000248      0x150 src/Motion/Odometry.o
 .debug_frame   0x00000398       0x84 src/Sensors/bumper.o
 .debug_frame   0x0000041c       0x54 src/Sensors/encoder.o
 .debug_frame   0x00000470       0x44 src/Sensors/infrared.o
 .debug_frame   0x000004b4      0x3a4 src/Structures/Kernel.o
 .debug_frame   0x00000858       0xf8 src/Structures/Maze.o
 .debug_frame   0x00000950      0x178 src/main.o
 .debug_frame   0x00000ac8       0x30 src/badISR.o
 .debug_frame   0x00000af8       0x74 lib/tools/timeTask/timeTask.o
 .debug_frame   0x00000b6c       0x90 lib/motor/motor.o
 .debug_frame   0x00000bfc       0x94 lib/io/uart/uart.o
 .debug_frame   0x00000c90       0x50 lib/io/adc/adc.o
 .debug_frame   0x00000ce0       0xf4 lib/communication/communication.o
 .debug_frame   0x00000dd4      0x1f8 lib/pathFollower/pathFollower.o

.debug_str      0x00000000     0x19d0
 *(.debug_str)
 .debug_str     0x00000000      0x3e6 C:/Program Files (x86)/Atmel/Studio/7.0/Packs/atmel/ATmega_DFP/1.6.364/gcc/dev/atmega1280/avr51/crtatmega1280.o
 .debug_str     0x000003e6      0x468 src/Motion/Driver.o
                                0x4b4 (size before relaxing)
 .debug_str     0x0000084e       0x9a src/Motion/Odometry.o
                                0x224 (size before relaxing)
 .debug_str     0x000008e8       0x7c src/Sensors/bumper.o
                                0x1d8 (size before relaxing)
 .debug_str     0x00000964       0x80 src/Sensors/encoder.o
                                0x245 (size before relaxing)
 .debug_str     0x000009e4       0x2f src/Sensors/infrared.o
                                0x1b6 (size before relaxing)
 .debug_str     0x00000a13      0x2e3 src/Structures/Kernel.o
                                0x643 (size before relaxing)
 .debug_str     0x00000cf6       0x37 src/Structures/Maze.o
                                0x1e9 (size before relaxing)
 .debug_str     0x00000d2d      0x56e src/main.o
                                0xb1b (size before relaxing)
 .debug_str     0x0000129b       0x5c src/badISR.o
                                0x1c2 (size before relaxing)
 .debug_str     0x000012f7      0x139 lib/tools/timeTask/timeTask.o
                                0x309 (size before relaxing)
 .debug_str     0x00001430       0x70 lib/motor/motor.o
                                0x22d (size before relaxing)
 .debug_str     0x000014a0      0x115 lib/io/uart/uart.o
                                0x2e0 (size before relaxing)
 .debug_str     0x000015b5       0xbb lib/io/adc/adc.o
                                0x2e9 (size before relaxing)
 .debug_str     0x00001670       0xf3 lib/communication/communication.o
                                0x4ef (size before relaxing)
 .debug_str     0x00001763      0x26d lib/pathFollower/pathFollower.o
                                0x7bc (size before relaxing)

.debug_loc      0x00000000     0x6041
 *(.debug_loc)
 .debug_loc     0x00000000      0xd2e src/Motion/Driver.o
 .debug_loc     0x00000d2e      0x757 src/Motion/Odometry.o
 .debug_loc     0x00001485       0x4c src/Sensors/encoder.o
 .debug_loc     0x000014d1     0x1a24 src/Structures/Kernel.o
 .debug_loc     0x00002ef5      0x3d4 src/Structures/Maze.o
 .debug_loc     0x000032c9      0x6e8 src/main.o
 .debug_loc     0x000039b1       0x77 src/badISR.o
 .debug_loc     0x00003a28       0xd2 lib/tools/timeTask/timeTask.o
 .debug_loc     0x00003afa       0xfb lib/motor/motor.o
 .debug_loc     0x00003bf5      0x12a lib/io/uart/uart.o
 .debug_loc     0x00003d1f      0x1f5 lib/io/adc/adc.o
 .debug_loc     0x00003f14      0xb1f lib/communication/communication.o
 .debug_loc     0x00004a33     0x160e lib/pathFollower/pathFollower.o

.debug_macinfo
 *(.debug_macinfo)

.debug_weaknames
 *(.debug_weaknames)

.debug_funcnames
 *(.debug_funcnames)

.debug_typenames
 *(.debug_typenames)

.debug_varnames
 *(.debug_varnames)

.debug_pubtypes
 *(.debug_pubtypes)

.debug_ranges   0x00000000      0x568
 *(.debug_ranges)
 .debug_ranges  0x00000000       0x50 src/Motion/Driver.o
 .debug_ranges  0x00000050       0x20 src/Motion/Odometry.o
 .debug_ranges  0x00000070       0x70 src/Sensors/bumper.o
 .debug_ranges  0x000000e0       0x28 src/Sensors/encoder.o
 .debug_ranges  0x00000108       0x20 src/Sensors/infrared.o
 .debug_ranges  0x00000128       0xc0 src/Structures/Kernel.o
 .debug_ranges  0x000001e8       0x50 src/Structures/Maze.o
 .debug_ranges  0x00000238       0x88 src/main.o
 .debug_ranges  0x000002c0       0x10 src/badISR.o
 .debug_ranges  0x000002d0       0x38 lib/tools/timeTask/timeTask.o
 .debug_ranges  0x00000308       0x40 lib/motor/motor.o
 .debug_ranges  0x00000348       0x60 lib/io/uart/uart.o
 .debug_ranges  0x000003a8       0x38 lib/io/adc/adc.o
 .debug_ranges  0x000003e0       0xc8 lib/communication/communication.o
 .debug_ranges  0x000004a8       0xc0 lib/pathFollower/pathFollower.o

.debug_macro
 *(.debug_macro)
OUTPUT(HWPRobot.elf elf32-avr)
LOAD linker stubs
